<html>
<body>
<pre>
<h1>µVision Build Log</h1>
<h2>Tool Versions:</h2>
IDE-Version: ¦ÌVision V5.12.0.0
Copyright (C) 2014 ARM Ltd and ARM Germany GmbH. All rights reserved.
License Information: Guo Yuechao, Lenovo, LIC=9N0AR-KB383-WKYB8-3R1EM-GH9E9-4W8GS
 
Tool Versions:
Toolchain:       MDK-ARM Professional  Version: 5.12.0.0
Toolchain Path:  d:\Keil_v5\ARM\ARMCC\Bin
C Compiler:      Armcc.exe V5.05 (build 41)
Assembler:       Armasm.exe V5.05 (build 41)
Linker/Locator:  ArmLink.exe V5.05 (build 41)
Library Manager: ArmAr.exe V5.05 (build 41)
Hex Converter:   FromElf.exe V5.05 (build 41)
CPU DLL:         SARMCM3.DLL V5.12.0.0
Dialog DLL:      DARMSTM.DLL V1.65.0.0
    Target DLL: STLink\ST-LINKIII-KEIL_SWO.dll
Dialog DLL:      TARMSTM.DLL V1.64.0.0
 
<h2>Project:</h2>
E:\project_here\supersonic\uVision_project\stm32vldiscovery_package\Project\Examples\SysTick\MDK-ARM\SysTick.uvproj
Project File Date:  11/17/2014

<h2>Output:</h2>
Rebuild target 'SysTick'
compiling misc.c...
compiling stm32f10x_exti.c...
compiling stm32f10x_gpio.c...
compiling stm32f10x_rcc.c...
compiling system_stm32f10x.c...
compiling core_cm3.c...
assembling startup_stm32f10x_md_vl.s...
compiling main.c...
compiling stm32f10x_it.c...
compiling STM32vldiscovery.c...
..\..\..\..\Utilities\STM32vldiscovery.c(175): warning:  #188-D: enumerated type mixed with another type
    GPIO_InitStructure.GPIO_Mode = BUTTON_PIN_MODE[Button];
..\..\..\..\Utilities\STM32vldiscovery.c(188): warning:  #188-D: enumerated type mixed with another type
      EXTI_InitStructure.EXTI_Trigger = BUTTON_TRIGER_MODE[Button];  
..\..\..\..\Utilities\STM32vldiscovery.c: 2 warnings, 0 errors
linking...
Program Size: Code=800 RO-data=368 RW-data=40 ZI-data=1024  
".\Debug\SysTick.axf" - 0 Error(s), 2 Warning(s).
Load "E:\\project_here\\supersonic\\uVision_project\\stm32vldiscovery_package\\Project\\Examples\\SysTick\\MDK-ARM\\Debug\\SysTick.axf" 
Erase Done.
Programming Done.
Verify OK.
</pre>
</body>
</html>
E:\\project_here\\supersonic\\uVision_project\\stm32vldiscovery_package\\Project\\Examples\\SysTick\\MDK-ARM\\Debug\\SysTick.axf" 
Erase Done.
Programming Done.
Verify OK.
