<html>
<body>
<pre>
<h1>µVision Build Log</h1>
<h2>Tool Versions:</h2>
IDE-Version: ¦ÌVision V5.12.0.0
Copyright (C) 2014 ARM Ltd and ARM Germany GmbH. All rights reserved.
License Information: Guo Yuechao, Lenovo, LIC=9N0AR-KB383-WKYB8-3R1EM-GH9E9-4W8GS
 
Tool Versions:
Toolchain:       MDK-ARM Professional  Version: 5.12.0.0
Toolchain Path:  d:\Keil_v5\ARM\ARMCC\Bin
C Compiler:      Armcc.exe V5.05 (build 41)
Assembler:       Armasm.exe V5.05 (build 41)
Linker/Locator:  ArmLink.exe V5.05 (build 41)
Library Manager: ArmAr.exe V5.05 (build 41)
Hex Converter:   FromElf.exe V5.05 (build 41)
CPU DLL:         SARMCM3.DLL V5.12.0.0
Dialog DLL:      DARMSTM.DLL V1.65.0.0
    Target DLL: STLink\ST-LINKIII-KEIL_SWO.dll
Dialog DLL:      TARMSTM.DLL V1.64.0.0
 
<h2>Project:</h2>
E:\project_here\supersonic\uVision_project\stm32vldiscovery_package\Project\Examples\EXTI\MDK-ARM\EXTI.uvproj
Project File Date:  11/18/2014

<h2>Output:</h2>
Rebuild target 'EXTI'
compiling misc.c...
compiling stm32f10x_exti.c...
compiling stm32f10x_gpio.c...
compiling stm32f10x_rcc.c...
compiling stm32f10x_it.c...
compiling system_stm32f10x.c...
compiling core_cm3.c...
assembling startup_stm32f10x_md_vl.s...
compiling main.c...
..\main.c(35): warning:  #1295-D: Deprecated declaration Sonic_TR_8PWN - give arg types
  void Sonic_TR_8PWN();
..\main.c: 1 warning, 0 errors
compiling STM32vldiscovery.c...
..\..\..\..\Utilities\STM32vldiscovery.c(175): warning:  #188-D: enumerated type mixed with another type
    GPIO_InitStructure.GPIO_Mode = BUTTON_PIN_MODE[Button];
..\..\..\..\Utilities\STM32vldiscovery.c(188): warning:  #188-D: enumerated type mixed with another type
      EXTI_InitStructure.EXTI_Trigger = BUTTON_TRIGER_MODE[Button];  
..\..\..\..\Utilities\STM32vldiscovery.c: 2 warnings, 0 errors
linking...
Program Size: Code=1692 RO-data=368 RW-data=52 ZI-data=1028  
".\Debug\EXTI.axf" - 0 Error(s), 3 Warning(s).
Load "E:\\project_here\\supersonic\\uVision_project\\stm32vldiscovery_package\\Project\\Examples\\EXTI\\MDK-ARM\\Debug\\EXTI.axf" 
Erase Done.
Programming Done.
Verify OK.
</pre>
</body>
</html>
personic\\uVision_project\\stm32vldiscovery_package\\Project\\Examples\\EXTI\\MDK-ARM\\Debug\\EXTI.axf" 
Erase Done.
Programming Done.
Verify OK.
 Done.
Verify OK.
ing:  #188-D: enumerated type mixed with another type
      EXTI_InitStructure.EXTI_Trigger = BUTTON_TRIGER_MODE[Button];  
..\..\..\..\Utilities\STM32vldiscovery.c: 2 warnings, 0 errors
".\Debug\EXTI.axf" - 6 Error(s), 5 Warning(s).
Target not created.
rrors
".\Debug\EXTI.axf" - 7 Error(s), 5 Warning(s).
Target not created.
