Component: ARM Compiler 5.05 (build 41) Tool: armlink [4d0eb9]

==============================================================================

Section Cross References

    stm32f10x_gpio.o(i.GPIO_AFIODeInit) refers to stm32f10x_rcc.o(i.RCC_APB2PeriphResetCmd) for RCC_APB2PeriphResetCmd
    stm32f10x_gpio.o(i.GPIO_DeInit) refers to stm32f10x_rcc.o(i.RCC_APB2PeriphResetCmd) for RCC_APB2PeriphResetCmd
    stm32f10x_rcc.o(i.RCC_GetClocksFreq) refers to stm32f10x_rcc.o(.data) for .data
    stm32f10x_rcc.o(i.RCC_WaitForHSEStartUp) refers to stm32f10x_rcc.o(i.RCC_GetFlagStatus) for RCC_GetFlagStatus
    stm32f10x_it.o(i.EXTI0_IRQHandler) refers to stm32f10x_exti.o(i.EXTI_GetITStatus) for EXTI_GetITStatus
    stm32f10x_it.o(i.EXTI0_IRQHandler) refers to main.o(i.Sonic_TR_8PWN) for Sonic_TR_8PWN
    stm32f10x_it.o(i.EXTI0_IRQHandler) refers to stm32f10x_exti.o(i.EXTI_ClearITPendingBit) for EXTI_ClearITPendingBit
    stm32f10x_it.o(i.EXTI1_IRQHandler) refers to main.o(i.Mearuse_time) for Mearuse_time
    stm32f10x_it.o(i.EXTI1_IRQHandler) refers to stm32vldiscovery.o(i.STM32vldiscovery_LEDToggle) for STM32vldiscovery_LEDToggle
    stm32f10x_it.o(i.EXTI1_IRQHandler) refers to main.o(i.Sonic_dely) for Sonic_dely
    stm32f10x_it.o(i.EXTI1_IRQHandler) refers to stm32f10x_exti.o(i.EXTI_ClearITPendingBit) for EXTI_ClearITPendingBit
    stm32f10x_it.o(i.SysTick_Handler) refers to main.o(i.TimingDelay) for TimingDelay
    system_stm32f10x.o(i.SystemCoreClockUpdate) refers to system_stm32f10x.o(.data) for .data
    system_stm32f10x.o(i.SystemInit) refers to system_stm32f10x.o(i.SetSysClockTo24) for SetSysClockTo24
    startup_stm32f10x_md_vl.o(RESET) refers to startup_stm32f10x_md_vl.o(STACK) for __initial_sp
    startup_stm32f10x_md_vl.o(RESET) refers to startup_stm32f10x_md_vl.o(.text) for Reset_Handler
    startup_stm32f10x_md_vl.o(RESET) refers to stm32f10x_it.o(i.NMI_Handler) for NMI_Handler
    startup_stm32f10x_md_vl.o(RESET) refers to stm32f10x_it.o(i.HardFault_Handler) for HardFault_Handler
    startup_stm32f10x_md_vl.o(RESET) refers to stm32f10x_it.o(i.MemManage_Handler) for MemManage_Handler
    startup_stm32f10x_md_vl.o(RESET) refers to stm32f10x_it.o(i.BusFault_Handler) for BusFault_Handler
    startup_stm32f10x_md_vl.o(RESET) refers to stm32f10x_it.o(i.UsageFault_Handler) for UsageFault_Handler
    startup_stm32f10x_md_vl.o(RESET) refers to stm32f10x_it.o(i.SVC_Handler) for SVC_Handler
    startup_stm32f10x_md_vl.o(RESET) refers to stm32f10x_it.o(i.DebugMon_Handler) for DebugMon_Handler
    startup_stm32f10x_md_vl.o(RESET) refers to stm32f10x_it.o(i.PendSV_Handler) for PendSV_Handler
    startup_stm32f10x_md_vl.o(RESET) refers to stm32f10x_it.o(i.SysTick_Handler) for SysTick_Handler
    startup_stm32f10x_md_vl.o(RESET) refers to stm32f10x_it.o(i.EXTI0_IRQHandler) for EXTI0_IRQHandler
    startup_stm32f10x_md_vl.o(RESET) refers to stm32f10x_it.o(i.EXTI1_IRQHandler) for EXTI1_IRQHandler
    startup_stm32f10x_md_vl.o(.text) refers to system_stm32f10x.o(i.SystemInit) for SystemInit
    startup_stm32f10x_md_vl.o(.text) refers to entry.o(.ARM.Collect$$$$00000000) for __main
    main.o(i.Mearuse_time) refers to main.o(.data) for .data
    main.o(i.Sonic_TR_8PWN) refers to main.o(i.Sonic_timeclear) for Sonic_timeclear
    main.o(i.Sonic_TR_8PWN) refers to main.o(i.Sonic_dely) for Sonic_dely
    main.o(i.Sonic_timeclear) refers to main.o(.data) for .data
    main.o(i.TimingDelay) refers to main.o(.data) for .data
    main.o(i.main) refers to stm32f10x_rcc.o(i.RCC_APB2PeriphClockCmd) for RCC_APB2PeriphClockCmd
    main.o(i.main) refers to stm32f10x_gpio.o(i.GPIO_Init) for GPIO_Init
    main.o(i.main) refers to stm32vldiscovery.o(i.STM32vldiscovery_LEDInit) for STM32vldiscovery_LEDInit
    main.o(i.main) refers to stm32vldiscovery.o(i.STM32vldiscovery_LEDOn) for STM32vldiscovery_LEDOn
    main.o(i.main) refers to stm32vldiscovery.o(i.STM32vldiscovery_PBInit) for STM32vldiscovery_PBInit
    main.o(i.main) refers to main.o(i.Sonic_dely) for Sonic_dely
    main.o(i.main) refers to stm32vldiscovery.o(i.STM32vldiscovery_LEDToggle) for STM32vldiscovery_LEDToggle
    main.o(i.main) refers to main.o(.data) for .data
    main.o(i.main) refers to system_stm32f10x.o(.data) for SystemCoreClock
    stm32vldiscovery.o(i.STM32vldiscovery_LEDInit) refers to stm32f10x_rcc.o(i.RCC_APB2PeriphClockCmd) for RCC_APB2PeriphClockCmd
    stm32vldiscovery.o(i.STM32vldiscovery_LEDInit) refers to stm32f10x_gpio.o(i.GPIO_Init) for GPIO_Init
    stm32vldiscovery.o(i.STM32vldiscovery_LEDInit) refers to stm32vldiscovery.o(.constdata) for .constdata
    stm32vldiscovery.o(i.STM32vldiscovery_LEDInit) refers to stm32vldiscovery.o(.data) for .data
    stm32vldiscovery.o(i.STM32vldiscovery_LEDOff) refers to stm32vldiscovery.o(.constdata) for .constdata
    stm32vldiscovery.o(i.STM32vldiscovery_LEDOff) refers to stm32vldiscovery.o(.data) for .data
    stm32vldiscovery.o(i.STM32vldiscovery_LEDOn) refers to stm32vldiscovery.o(.constdata) for .constdata
    stm32vldiscovery.o(i.STM32vldiscovery_LEDOn) refers to stm32vldiscovery.o(.data) for .data
    stm32vldiscovery.o(i.STM32vldiscovery_LEDToggle) refers to stm32vldiscovery.o(.data) for .data
    stm32vldiscovery.o(i.STM32vldiscovery_LEDToggle) refers to stm32vldiscovery.o(.constdata) for .constdata
    stm32vldiscovery.o(i.STM32vldiscovery_PBGetState) refers to stm32f10x_gpio.o(i.GPIO_ReadInputDataBit) for GPIO_ReadInputDataBit
    stm32vldiscovery.o(i.STM32vldiscovery_PBGetState) refers to stm32vldiscovery.o(.constdata) for .constdata
    stm32vldiscovery.o(i.STM32vldiscovery_PBGetState) refers to stm32vldiscovery.o(.data) for .data
    stm32vldiscovery.o(i.STM32vldiscovery_PBInit) refers to stm32f10x_rcc.o(i.RCC_APB2PeriphClockCmd) for RCC_APB2PeriphClockCmd
    stm32vldiscovery.o(i.STM32vldiscovery_PBInit) refers to stm32f10x_gpio.o(i.GPIO_Init) for GPIO_Init
    stm32vldiscovery.o(i.STM32vldiscovery_PBInit) refers to stm32f10x_gpio.o(i.GPIO_EXTILineConfig) for GPIO_EXTILineConfig
    stm32vldiscovery.o(i.STM32vldiscovery_PBInit) refers to stm32f10x_exti.o(i.EXTI_Init) for EXTI_Init
    stm32vldiscovery.o(i.STM32vldiscovery_PBInit) refers to misc.o(i.NVIC_Init) for NVIC_Init
    stm32vldiscovery.o(i.STM32vldiscovery_PBInit) refers to stm32vldiscovery.o(.constdata) for .constdata
    stm32vldiscovery.o(i.STM32vldiscovery_PBInit) refers to stm32vldiscovery.o(.data) for .data
    entry.o(.ARM.Collect$$$$00000000) refers (Special) to entry10a.o(.ARM.Collect$$$$0000000D) for __rt_final_cpp
    entry.o(.ARM.Collect$$$$00000000) refers (Special) to entry11a.o(.ARM.Collect$$$$0000000F) for __rt_final_exit
    entry.o(.ARM.Collect$$$$00000000) refers (Special) to entry7b.o(.ARM.Collect$$$$00000008) for _main_clock
    entry.o(.ARM.Collect$$$$00000000) refers (Special) to entry8b.o(.ARM.Collect$$$$0000000A) for _main_cpp_init
    entry.o(.ARM.Collect$$$$00000000) refers (Special) to entry9a.o(.ARM.Collect$$$$0000000B) for _main_init
    entry.o(.ARM.Collect$$$$00000000) refers (Special) to entry5.o(.ARM.Collect$$$$00000004) for _main_scatterload
    entry.o(.ARM.Collect$$$$00000000) refers (Special) to entry2.o(.ARM.Collect$$$$00000001) for _main_stk
    entry2.o(.ARM.Collect$$$$00000001) refers to entry2.o(.ARM.Collect$$$$00002712) for __lit__00000000
    entry2.o(.ARM.Collect$$$$00002712) refers to startup_stm32f10x_md_vl.o(STACK) for __initial_sp
    entry2.o(__vectab_stack_and_reset_area) refers to startup_stm32f10x_md_vl.o(STACK) for __initial_sp
    entry2.o(__vectab_stack_and_reset_area) refers to entry.o(.ARM.Collect$$$$00000000) for __main
    entry5.o(.ARM.Collect$$$$00000004) refers to init.o(.text) for __scatterload
    entry9a.o(.ARM.Collect$$$$0000000B) refers to main.o(i.main) for main
    entry9b.o(.ARM.Collect$$$$0000000C) refers to main.o(i.main) for main
    init.o(.text) refers to entry5.o(.ARM.Collect$$$$00000004) for __main_after_scatterload


==============================================================================

Removing Unused input sections from the image.

    Removing misc.o(i.NVIC_PriorityGroupConfig), (20 bytes).
    Removing misc.o(i.NVIC_SetVectorTable), (20 bytes).
    Removing misc.o(i.NVIC_SystemLPConfig), (24 bytes).
    Removing misc.o(i.SysTick_CLKSourceConfig), (24 bytes).
    Removing stm32f10x_exti.o(i.EXTI_ClearFlag), (12 bytes).
    Removing stm32f10x_exti.o(i.EXTI_DeInit), (36 bytes).
    Removing stm32f10x_exti.o(i.EXTI_GenerateSWInterrupt), (16 bytes).
    Removing stm32f10x_exti.o(i.EXTI_GetFlagStatus), (20 bytes).
    Removing stm32f10x_exti.o(i.EXTI_StructInit), (14 bytes).
    Removing stm32f10x_gpio.o(i.GPIO_AFIODeInit), (22 bytes).
    Removing stm32f10x_gpio.o(i.GPIO_DeInit), (180 bytes).
    Removing stm32f10x_gpio.o(i.GPIO_ETH_MediaInterfaceConfig), (12 bytes).
    Removing stm32f10x_gpio.o(i.GPIO_EventOutputCmd), (12 bytes).
    Removing stm32f10x_gpio.o(i.GPIO_EventOutputConfig), (28 bytes).
    Removing stm32f10x_gpio.o(i.GPIO_PinLockConfig), (16 bytes).
    Removing stm32f10x_gpio.o(i.GPIO_PinRemapConfig), (88 bytes).
    Removing stm32f10x_gpio.o(i.GPIO_ReadInputData), (6 bytes).
    Removing stm32f10x_gpio.o(i.GPIO_ReadInputDataBit), (14 bytes).
    Removing stm32f10x_gpio.o(i.GPIO_ReadOutputData), (6 bytes).
    Removing stm32f10x_gpio.o(i.GPIO_ReadOutputDataBit), (14 bytes).
    Removing stm32f10x_gpio.o(i.GPIO_ResetBits), (4 bytes).
    Removing stm32f10x_gpio.o(i.GPIO_SetBits), (4 bytes).
    Removing stm32f10x_gpio.o(i.GPIO_StructInit), (16 bytes).
    Removing stm32f10x_gpio.o(i.GPIO_Write), (4 bytes).
    Removing stm32f10x_gpio.o(i.GPIO_WriteBit), (10 bytes).
    Removing stm32f10x_rcc.o(i.RCC_ADCCLKConfig), (20 bytes).
    Removing stm32f10x_rcc.o(i.RCC_AHBPeriphClockCmd), (24 bytes).
    Removing stm32f10x_rcc.o(i.RCC_APB1PeriphClockCmd), (24 bytes).
    Removing stm32f10x_rcc.o(i.RCC_APB1PeriphResetCmd), (24 bytes).
    Removing stm32f10x_rcc.o(i.RCC_APB2PeriphResetCmd), (24 bytes).
    Removing stm32f10x_rcc.o(i.RCC_AdjustHSICalibrationValue), (20 bytes).
    Removing stm32f10x_rcc.o(i.RCC_BackupResetCmd), (12 bytes).
    Removing stm32f10x_rcc.o(i.RCC_ClearFlag), (16 bytes).
    Removing stm32f10x_rcc.o(i.RCC_ClearITPendingBit), (12 bytes).
    Removing stm32f10x_rcc.o(i.RCC_ClockSecuritySystemCmd), (12 bytes).
    Removing stm32f10x_rcc.o(i.RCC_DeInit), (68 bytes).
    Removing stm32f10x_rcc.o(i.RCC_GetClocksFreq), (152 bytes).
    Removing stm32f10x_rcc.o(i.RCC_GetFlagStatus), (48 bytes).
    Removing stm32f10x_rcc.o(i.RCC_GetITStatus), (20 bytes).
    Removing stm32f10x_rcc.o(i.RCC_GetSYSCLKSource), (16 bytes).
    Removing stm32f10x_rcc.o(i.RCC_HCLKConfig), (20 bytes).
    Removing stm32f10x_rcc.o(i.RCC_HSEConfig), (52 bytes).
    Removing stm32f10x_rcc.o(i.RCC_HSICmd), (12 bytes).
    Removing stm32f10x_rcc.o(i.RCC_ITConfig), (24 bytes).
    Removing stm32f10x_rcc.o(i.RCC_LSEConfig), (32 bytes).
    Removing stm32f10x_rcc.o(i.RCC_LSICmd), (12 bytes).
    Removing stm32f10x_rcc.o(i.RCC_MCOConfig), (12 bytes).
    Removing stm32f10x_rcc.o(i.RCC_PCLK1Config), (20 bytes).
    Removing stm32f10x_rcc.o(i.RCC_PCLK2Config), (20 bytes).
    Removing stm32f10x_rcc.o(i.RCC_PLLCmd), (12 bytes).
    Removing stm32f10x_rcc.o(i.RCC_PLLConfig), (20 bytes).
    Removing stm32f10x_rcc.o(i.RCC_PREDIV1Config), (28 bytes).
    Removing stm32f10x_rcc.o(i.RCC_RTCCLKCmd), (12 bytes).
    Removing stm32f10x_rcc.o(i.RCC_RTCCLKConfig), (16 bytes).
    Removing stm32f10x_rcc.o(i.RCC_SYSCLKConfig), (20 bytes).
    Removing stm32f10x_rcc.o(i.RCC_USBCLKConfig), (12 bytes).
    Removing stm32f10x_rcc.o(i.RCC_WaitForHSEStartUp), (44 bytes).
    Removing stm32f10x_rcc.o(.data), (20 bytes).
    Removing system_stm32f10x.o(i.SystemCoreClockUpdate), (108 bytes).
    Removing core_cm3.o(.emb_text), (32 bytes).
    Removing startup_stm32f10x_md_vl.o(HEAP), (512 bytes).
    Removing main.o(.data), (4 bytes).
    Removing stm32vldiscovery.o(i.STM32vldiscovery_LEDOff), (24 bytes).
    Removing stm32vldiscovery.o(i.STM32vldiscovery_PBGetState), (24 bytes).

64 unused section(s) (total 2206 bytes) removed from the image.

==============================================================================

Image Symbol Table

    Local Symbols

    Symbol Name                              Value     Ov Type        Size  Object(Section)

    ../clib/microlib/init/entry.s            0x00000000   Number         0  entry8a.o ABSOLUTE
    ../clib/microlib/init/entry.s            0x00000000   Number         0  entry.o ABSOLUTE
    ../clib/microlib/init/entry.s            0x00000000   Number         0  entry7b.o ABSOLUTE
    ../clib/microlib/init/entry.s            0x00000000   Number         0  entry7a.o ABSOLUTE
    ../clib/microlib/init/entry.s            0x00000000   Number         0  entry10b.o ABSOLUTE
    ../clib/microlib/init/entry.s            0x00000000   Number         0  entry2.o ABSOLUTE
    ../clib/microlib/init/entry.s            0x00000000   Number         0  entry5.o ABSOLUTE
    ../clib/microlib/init/entry.s            0x00000000   Number         0  entry11b.o ABSOLUTE
    ../clib/microlib/init/entry.s            0x00000000   Number         0  entry11a.o ABSOLUTE
    ../clib/microlib/init/entry.s            0x00000000   Number         0  entry10a.o ABSOLUTE
    ../clib/microlib/init/entry.s            0x00000000   Number         0  entry9b.o ABSOLUTE
    ../clib/microlib/init/entry.s            0x00000000   Number         0  entry9a.o ABSOLUTE
    ../clib/microlib/init/entry.s            0x00000000   Number         0  entry8b.o ABSOLUTE
    ..\..\..\..\Libraries\CMSIS\CM3\CoreSupport\core_cm3.c 0x00000000   Number         0  core_cm3.o ABSOLUTE
    ..\..\..\..\Libraries\CMSIS\CM3\DeviceSupport\ST\STM32F10x\startup\arm\startup_stm32f10x_md_vl.s 0x00000000   Number         0  startup_stm32f10x_md_vl.o ABSOLUTE
    ..\..\..\..\Libraries\CMSIS\CM3\DeviceSupport\ST\STM32F10x\system_stm32f10x.c 0x00000000   Number         0  system_stm32f10x.o ABSOLUTE
    ..\..\..\..\Libraries\STM32F10x_StdPeriph_Driver\src\misc.c 0x00000000   Number         0  misc.o ABSOLUTE
    ..\..\..\..\Libraries\STM32F10x_StdPeriph_Driver\src\stm32f10x_exti.c 0x00000000   Number         0  stm32f10x_exti.o ABSOLUTE
    ..\..\..\..\Libraries\STM32F10x_StdPeriph_Driver\src\stm32f10x_gpio.c 0x00000000   Number         0  stm32f10x_gpio.o ABSOLUTE
    ..\..\..\..\Libraries\STM32F10x_StdPeriph_Driver\src\stm32f10x_rcc.c 0x00000000   Number         0  stm32f10x_rcc.o ABSOLUTE
    ..\..\..\..\Utilities\STM32vldiscovery.c 0x00000000   Number         0  stm32vldiscovery.o ABSOLUTE
    ..\\..\\..\\..\\Libraries\\CMSIS\\CM3\\CoreSupport\\core_cm3.c 0x00000000   Number         0  core_cm3.o ABSOLUTE
    ..\main.c                                0x00000000   Number         0  main.o ABSOLUTE
    ..\stm32f10x_it.c                        0x00000000   Number         0  stm32f10x_it.o ABSOLUTE
    dc.s                                     0x00000000   Number         0  dc.o ABSOLUTE
    handlers.s                               0x00000000   Number         0  handlers.o ABSOLUTE
    init.s                                   0x00000000   Number         0  init.o ABSOLUTE
    RESET                                    0x08000000   Section      288  startup_stm32f10x_md_vl.o(RESET)
    .ARM.Collect$$$$00000000                 0x08000120   Section        0  entry.o(.ARM.Collect$$$$00000000)
    .ARM.Collect$$$$00000001                 0x08000120   Section        4  entry2.o(.ARM.Collect$$$$00000001)
    .ARM.Collect$$$$00000004                 0x08000124   Section        4  entry5.o(.ARM.Collect$$$$00000004)
    .ARM.Collect$$$$00000008                 0x08000128   Section        0  entry7b.o(.ARM.Collect$$$$00000008)
    .ARM.Collect$$$$0000000A                 0x08000128   Section        0  entry8b.o(.ARM.Collect$$$$0000000A)
    .ARM.Collect$$$$0000000B                 0x08000128   Section        8  entry9a.o(.ARM.Collect$$$$0000000B)
    .ARM.Collect$$$$0000000D                 0x08000130   Section        0  entry10a.o(.ARM.Collect$$$$0000000D)
    .ARM.Collect$$$$0000000F                 0x08000130   Section        0  entry11a.o(.ARM.Collect$$$$0000000F)
    .ARM.Collect$$$$00002712                 0x08000130   Section        4  entry2.o(.ARM.Collect$$$$00002712)
    __lit__00000000                          0x08000130   Data           4  entry2.o(.ARM.Collect$$$$00002712)
    .text                                    0x08000134   Section       36  startup_stm32f10x_md_vl.o(.text)
    .text                                    0x08000158   Section       36  init.o(.text)
    i.BusFault_Handler                       0x0800017c   Section        0  stm32f10x_it.o(i.BusFault_Handler)
    i.DebugMon_Handler                       0x0800017e   Section        0  stm32f10x_it.o(i.DebugMon_Handler)
    i.EXTI0_IRQHandler                       0x08000180   Section        0  stm32f10x_it.o(i.EXTI0_IRQHandler)
    i.EXTI1_IRQHandler                       0x0800019c   Section        0  stm32f10x_it.o(i.EXTI1_IRQHandler)
    i.EXTI_ClearITPendingBit                 0x080001e4   Section        0  stm32f10x_exti.o(i.EXTI_ClearITPendingBit)
    i.EXTI_GetITStatus                       0x080001f0   Section        0  stm32f10x_exti.o(i.EXTI_GetITStatus)
    i.EXTI_Init                              0x08000210   Section        0  stm32f10x_exti.o(i.EXTI_Init)
    i.GPIO_EXTILineConfig                    0x08000280   Section        0  stm32f10x_gpio.o(i.GPIO_EXTILineConfig)
    i.GPIO_Init                              0x080002a8   Section        0  stm32f10x_gpio.o(i.GPIO_Init)
    i.HardFault_Handler                      0x0800034a   Section        0  stm32f10x_it.o(i.HardFault_Handler)
    i.Mearuse_time                           0x0800034c   Section        0  main.o(i.Mearuse_time)
    i.MemManage_Handler                      0x08000358   Section        0  stm32f10x_it.o(i.MemManage_Handler)
    i.NMI_Handler                            0x0800035a   Section        0  stm32f10x_it.o(i.NMI_Handler)
    i.NVIC_Init                              0x0800035c   Section        0  misc.o(i.NVIC_Init)
    i.PendSV_Handler                         0x080003c0   Section        0  stm32f10x_it.o(i.PendSV_Handler)
    i.RCC_APB2PeriphClockCmd                 0x080003c4   Section        0  stm32f10x_rcc.o(i.RCC_APB2PeriphClockCmd)
    i.STM32vldiscovery_LEDInit               0x080003dc   Section        0  stm32vldiscovery.o(i.STM32vldiscovery_LEDInit)
    i.STM32vldiscovery_LEDOn                 0x0800041c   Section        0  stm32vldiscovery.o(i.STM32vldiscovery_LEDOn)
    i.STM32vldiscovery_LEDToggle             0x08000434   Section        0  stm32vldiscovery.o(i.STM32vldiscovery_LEDToggle)
    i.STM32vldiscovery_PBInit                0x08000450   Section        0  stm32vldiscovery.o(i.STM32vldiscovery_PBInit)
    i.SVC_Handler                            0x080004f0   Section        0  stm32f10x_it.o(i.SVC_Handler)
    i.SetSysClockTo24                        0x080004f4   Section        0  system_stm32f10x.o(i.SetSysClockTo24)
    SetSysClockTo24                          0x080004f5   Thumb Code   130  system_stm32f10x.o(i.SetSysClockTo24)
    i.Sonic_TR_8PWN                          0x0800057c   Section        0  main.o(i.Sonic_TR_8PWN)
    i.Sonic_dely                             0x08000618   Section        0  main.o(i.Sonic_dely)
    i.Sonic_timeclear                        0x08000628   Section        0  main.o(i.Sonic_timeclear)
    i.SysTick_Handler                        0x08000640   Section        0  stm32f10x_it.o(i.SysTick_Handler)
    i.SystemInit                             0x08000644   Section        0  system_stm32f10x.o(i.SystemInit)
    i.TimingDelay                            0x08000688   Section        0  main.o(i.TimingDelay)
    i.UsageFault_Handler                     0x08000698   Section        0  stm32f10x_it.o(i.UsageFault_Handler)
    i.__scatterload_copy                     0x0800069a   Section       14  handlers.o(i.__scatterload_copy)
    i.__scatterload_null                     0x080006a8   Section        2  handlers.o(i.__scatterload_null)
    i.__scatterload_zeroinit                 0x080006aa   Section       14  handlers.o(i.__scatterload_zeroinit)
    i.main                                   0x080006b8   Section        0  main.o(i.main)
    .constdata                               0x080007bc   Section       48  stm32vldiscovery.o(.constdata)
    .data                                    0x20000000   Section       20  system_stm32f10x.o(.data)
    .data                                    0x20000014   Section       16  main.o(.data)
    Mtime                                    0x20000014   Data           4  main.o(.data)
    Mera_time                                0x20000018   Data           4  main.o(.data)
    .data                                    0x20000024   Section       16  stm32vldiscovery.o(.data)
    STACK                                    0x20000038   Section     1024  startup_stm32f10x_md_vl.o(STACK)

    Global Symbols

    Symbol Name                              Value     Ov Type        Size  Object(Section)

    BuildAttributes$$THM_ISAv4$P$D$K$B$S$PE$A:L22UL41UL21$X:L11$S22US41US21$IEEE1$IW$USESV6$~STKCKD$USESV7$~SHL$OSPACE$EBA8$MICROLIB$REQ8$PRES8$EABIv2 0x00000000   Number         0  anon$$obj.o ABSOLUTE
    __ARM_use_no_argv                        0x00000000   Number         0  main.o ABSOLUTE
    __cpp_initialize__aeabi_                  - Undefined Weak Reference
    __cxa_finalize                            - Undefined Weak Reference
    __decompress                              - Undefined Weak Reference
    _clock_init                               - Undefined Weak Reference
    _microlib_exit                            - Undefined Weak Reference
    __Vectors_Size                           0x00000120   Number         0  startup_stm32f10x_md_vl.o ABSOLUTE
    __Vectors                                0x08000000   Data           4  startup_stm32f10x_md_vl.o(RESET)
    __Vectors_End                            0x08000120   Data           0  startup_stm32f10x_md_vl.o(RESET)
    __main                                   0x08000121   Thumb Code     0  entry.o(.ARM.Collect$$$$00000000)
    _main_stk                                0x08000121   Thumb Code     0  entry2.o(.ARM.Collect$$$$00000001)
    _main_scatterload                        0x08000125   Thumb Code     0  entry5.o(.ARM.Collect$$$$00000004)
    __main_after_scatterload                 0x08000129   Thumb Code     0  entry5.o(.ARM.Collect$$$$00000004)
    _main_clock                              0x08000129   Thumb Code     0  entry7b.o(.ARM.Collect$$$$00000008)
    _main_cpp_init                           0x08000129   Thumb Code     0  entry8b.o(.ARM.Collect$$$$0000000A)
    _main_init                               0x08000129   Thumb Code     0  entry9a.o(.ARM.Collect$$$$0000000B)
    __rt_final_cpp                           0x08000131   Thumb Code     0  entry10a.o(.ARM.Collect$$$$0000000D)
    __rt_final_exit                          0x08000131   Thumb Code     0  entry11a.o(.ARM.Collect$$$$0000000F)
    Reset_Handler                            0x08000135   Thumb Code     8  startup_stm32f10x_md_vl.o(.text)
    ADC1_IRQHandler                          0x0800014f   Thumb Code     0  startup_stm32f10x_md_vl.o(.text)
    CEC_IRQHandler                           0x0800014f   Thumb Code     0  startup_stm32f10x_md_vl.o(.text)
    DMA1_Channel1_IRQHandler                 0x0800014f   Thumb Code     0  startup_stm32f10x_md_vl.o(.text)
    DMA1_Channel2_IRQHandler                 0x0800014f   Thumb Code     0  startup_stm32f10x_md_vl.o(.text)
    DMA1_Channel3_IRQHandler                 0x0800014f   Thumb Code     0  startup_stm32f10x_md_vl.o(.text)
    DMA1_Channel4_IRQHandler                 0x0800014f   Thumb Code     0  startup_stm32f10x_md_vl.o(.text)
    DMA1_Channel5_IRQHandler                 0x0800014f   Thumb Code     0  startup_stm32f10x_md_vl.o(.text)
    DMA1_Channel6_IRQHandler                 0x0800014f   Thumb Code     0  startup_stm32f10x_md_vl.o(.text)
    DMA1_Channel7_IRQHandler                 0x0800014f   Thumb Code     0  startup_stm32f10x_md_vl.o(.text)
    EXTI15_10_IRQHandler                     0x0800014f   Thumb Code     0  startup_stm32f10x_md_vl.o(.text)
    EXTI2_IRQHandler                         0x0800014f   Thumb Code     0  startup_stm32f10x_md_vl.o(.text)
    EXTI3_IRQHandler                         0x0800014f   Thumb Code     0  startup_stm32f10x_md_vl.o(.text)
    EXTI4_IRQHandler                         0x0800014f   Thumb Code     0  startup_stm32f10x_md_vl.o(.text)
    EXTI9_5_IRQHandler                       0x0800014f   Thumb Code     0  startup_stm32f10x_md_vl.o(.text)
    FLASH_IRQHandler                         0x0800014f   Thumb Code     0  startup_stm32f10x_md_vl.o(.text)
    I2C1_ER_IRQHandler                       0x0800014f   Thumb Code     0  startup_stm32f10x_md_vl.o(.text)
    I2C1_EV_IRQHandler                       0x0800014f   Thumb Code     0  startup_stm32f10x_md_vl.o(.text)
    I2C2_ER_IRQHandler                       0x0800014f   Thumb Code     0  startup_stm32f10x_md_vl.o(.text)
    I2C2_EV_IRQHandler                       0x0800014f   Thumb Code     0  startup_stm32f10x_md_vl.o(.text)
    PVD_IRQHandler                           0x0800014f   Thumb Code     0  startup_stm32f10x_md_vl.o(.text)
    RCC_IRQHandler                           0x0800014f   Thumb Code     0  startup_stm32f10x_md_vl.o(.text)
    RTCAlarm_IRQHandler                      0x0800014f   Thumb Code     0  startup_stm32f10x_md_vl.o(.text)
    RTC_IRQHandler                           0x0800014f   Thumb Code     0  startup_stm32f10x_md_vl.o(.text)
    SPI1_IRQHandler                          0x0800014f   Thumb Code     0  startup_stm32f10x_md_vl.o(.text)
    SPI2_IRQHandler                          0x0800014f   Thumb Code     0  startup_stm32f10x_md_vl.o(.text)
    TAMPER_IRQHandler                        0x0800014f   Thumb Code     0  startup_stm32f10x_md_vl.o(.text)
    TIM1_BRK_TIM15_IRQHandler                0x0800014f   Thumb Code     0  startup_stm32f10x_md_vl.o(.text)
    TIM1_CC_IRQHandler                       0x0800014f   Thumb Code     0  startup_stm32f10x_md_vl.o(.text)
    TIM1_TRG_COM_TIM17_IRQHandler            0x0800014f   Thumb Code     0  startup_stm32f10x_md_vl.o(.text)
    TIM1_UP_TIM16_IRQHandler                 0x0800014f   Thumb Code     0  startup_stm32f10x_md_vl.o(.text)
    TIM2_IRQHandler                          0x0800014f   Thumb Code     0  startup_stm32f10x_md_vl.o(.text)
    TIM3_IRQHandler                          0x0800014f   Thumb Code     0  startup_stm32f10x_md_vl.o(.text)
    TIM4_IRQHandler                          0x0800014f   Thumb Code     0  startup_stm32f10x_md_vl.o(.text)
    TIM6_DAC_IRQHandler                      0x0800014f   Thumb Code     0  startup_stm32f10x_md_vl.o(.text)
    TIM7_IRQHandler                          0x0800014f   Thumb Code     0  startup_stm32f10x_md_vl.o(.text)
    USART1_IRQHandler                        0x0800014f   Thumb Code     0  startup_stm32f10x_md_vl.o(.text)
    USART2_IRQHandler                        0x0800014f   Thumb Code     0  startup_stm32f10x_md_vl.o(.text)
    USART3_IRQHandler                        0x0800014f   Thumb Code     0  startup_stm32f10x_md_vl.o(.text)
    WWDG_IRQHandler                          0x0800014f   Thumb Code     0  startup_stm32f10x_md_vl.o(.text)
    __scatterload                            0x08000159   Thumb Code    28  init.o(.text)
    __scatterload_rt2                        0x08000159   Thumb Code     0  init.o(.text)
    BusFault_Handler                         0x0800017d   Thumb Code     2  stm32f10x_it.o(i.BusFault_Handler)
    DebugMon_Handler                         0x0800017f   Thumb Code     2  stm32f10x_it.o(i.DebugMon_Handler)
    EXTI0_IRQHandler                         0x08000181   Thumb Code    28  stm32f10x_it.o(i.EXTI0_IRQHandler)
    EXTI1_IRQHandler                         0x0800019d   Thumb Code    66  stm32f10x_it.o(i.EXTI1_IRQHandler)
    EXTI_ClearITPendingBit                   0x080001e5   Thumb Code     6  stm32f10x_exti.o(i.EXTI_ClearITPendingBit)
    EXTI_GetITStatus                         0x080001f1   Thumb Code    28  stm32f10x_exti.o(i.EXTI_GetITStatus)
    EXTI_Init                                0x08000211   Thumb Code   108  stm32f10x_exti.o(i.EXTI_Init)
    GPIO_EXTILineConfig                      0x08000281   Thumb Code    34  stm32f10x_gpio.o(i.GPIO_EXTILineConfig)
    GPIO_Init                                0x080002a9   Thumb Code   162  stm32f10x_gpio.o(i.GPIO_Init)
    HardFault_Handler                        0x0800034b   Thumb Code     2  stm32f10x_it.o(i.HardFault_Handler)
    Mearuse_time                             0x0800034d   Thumb Code     8  main.o(i.Mearuse_time)
    MemManage_Handler                        0x08000359   Thumb Code     2  stm32f10x_it.o(i.MemManage_Handler)
    NMI_Handler                              0x0800035b   Thumb Code     2  stm32f10x_it.o(i.NMI_Handler)
    NVIC_Init                                0x0800035d   Thumb Code    94  misc.o(i.NVIC_Init)
    PendSV_Handler                           0x080003c1   Thumb Code     2  stm32f10x_it.o(i.PendSV_Handler)
    RCC_APB2PeriphClockCmd                   0x080003c5   Thumb Code    18  stm32f10x_rcc.o(i.RCC_APB2PeriphClockCmd)
    STM32vldiscovery_LEDInit                 0x080003dd   Thumb Code    54  stm32vldiscovery.o(i.STM32vldiscovery_LEDInit)
    STM32vldiscovery_LEDOn                   0x0800041d   Thumb Code    16  stm32vldiscovery.o(i.STM32vldiscovery_LEDOn)
    STM32vldiscovery_LEDToggle               0x08000435   Thumb Code    20  stm32vldiscovery.o(i.STM32vldiscovery_LEDToggle)
    STM32vldiscovery_PBInit                  0x08000451   Thumb Code   150  stm32vldiscovery.o(i.STM32vldiscovery_PBInit)
    SVC_Handler                              0x080004f1   Thumb Code     2  stm32f10x_it.o(i.SVC_Handler)
    Sonic_TR_8PWN                            0x0800057d   Thumb Code   144  main.o(i.Sonic_TR_8PWN)
    Sonic_dely                               0x08000619   Thumb Code    16  main.o(i.Sonic_dely)
    Sonic_timeclear                          0x08000629   Thumb Code    18  main.o(i.Sonic_timeclear)
    SysTick_Handler                          0x08000641   Thumb Code     4  stm32f10x_it.o(i.SysTick_Handler)
    SystemInit                               0x08000645   Thumb Code    56  system_stm32f10x.o(i.SystemInit)
    TimingDelay                              0x08000689   Thumb Code    10  main.o(i.TimingDelay)
    UsageFault_Handler                       0x08000699   Thumb Code     2  stm32f10x_it.o(i.UsageFault_Handler)
    __scatterload_copy                       0x0800069b   Thumb Code    14  handlers.o(i.__scatterload_copy)
    __scatterload_null                       0x080006a9   Thumb Code     2  handlers.o(i.__scatterload_null)
    __scatterload_zeroinit                   0x080006ab   Thumb Code    14  handlers.o(i.__scatterload_zeroinit)
    main                                     0x080006b9   Thumb Code   220  main.o(i.main)
    GPIO_PIN                                 0x080007bc   Data           4  stm32vldiscovery.o(.constdata)
    BUTTON_PIN_SOURCE                        0x080007c0   Data           4  stm32vldiscovery.o(.constdata)
    BUTTON_PORT_SOURCE                       0x080007c4   Data           4  stm32vldiscovery.o(.constdata)
    BUTTON_PIN                               0x080007c8   Data           4  stm32vldiscovery.o(.constdata)
    BUTTON_EXTI_LINE                         0x080007cc   Data           4  stm32vldiscovery.o(.constdata)
    BUTTON_IRQn                              0x080007d0   Data           4  stm32vldiscovery.o(.constdata)
    BUTTON_PIN_MODE                          0x080007d4   Data           4  stm32vldiscovery.o(.constdata)
    BUTTON_TRIGER_MODE                       0x080007d8   Data           4  stm32vldiscovery.o(.constdata)
    GPIO_CLK                                 0x080007dc   Data           8  stm32vldiscovery.o(.constdata)
    BUTTON_CLK                               0x080007e4   Data           8  stm32vldiscovery.o(.constdata)
    Region$$Table$$Base                      0x080007ec   Number         0  anon$$obj.o(Region$$Table)
    Region$$Table$$Limit                     0x0800080c   Number         0  anon$$obj.o(Region$$Table)
    SystemCoreClock                          0x20000000   Data           4  system_stm32f10x.o(.data)
    AHBPrescTable                            0x20000004   Data          16  system_stm32f10x.o(.data)
    GPIO_InitStructure                       0x2000001c   Data           4  main.o(.data)
    GPIO_PA9PA11                             0x20000020   Data           4  main.o(.data)
    GPIO_PORT                                0x20000024   Data           8  stm32vldiscovery.o(.data)
    BUTTON_PORT                              0x2000002c   Data           8  stm32vldiscovery.o(.data)
    __initial_sp                             0x20000438   Data           0  startup_stm32f10x_md_vl.o(STACK)



==============================================================================

Memory Map of the image

  Image Entry point : 0x08000121

  Load Region LR_IROM1 (Base: 0x08000000, Size: 0x00000840, Max: 0x00020000, ABSOLUTE)

    Execution Region ER_IROM1 (Base: 0x08000000, Size: 0x0000080c, Max: 0x00020000, ABSOLUTE)

    Base Addr    Size         Type   Attr      Idx    E Section Name        Object

    0x08000000   0x00000120   Data   RO          605    RESET               startup_stm32f10x_md_vl.o
    0x08000120   0x00000000   Code   RO          724  * .ARM.Collect$$$$00000000  mc_w.l(entry.o)
    0x08000120   0x00000004   Code   RO          727    .ARM.Collect$$$$00000001  mc_w.l(entry2.o)
    0x08000124   0x00000004   Code   RO          730    .ARM.Collect$$$$00000004  mc_w.l(entry5.o)
    0x08000128   0x00000000   Code   RO          732    .ARM.Collect$$$$00000008  mc_w.l(entry7b.o)
    0x08000128   0x00000000   Code   RO          734    .ARM.Collect$$$$0000000A  mc_w.l(entry8b.o)
    0x08000128   0x00000008   Code   RO          735    .ARM.Collect$$$$0000000B  mc_w.l(entry9a.o)
    0x08000130   0x00000000   Code   RO          737    .ARM.Collect$$$$0000000D  mc_w.l(entry10a.o)
    0x08000130   0x00000000   Code   RO          739    .ARM.Collect$$$$0000000F  mc_w.l(entry11a.o)
    0x08000130   0x00000004   Code   RO          728    .ARM.Collect$$$$00002712  mc_w.l(entry2.o)
    0x08000134   0x00000024   Code   RO          606    .text               startup_stm32f10x_md_vl.o
    0x08000158   0x00000024   Code   RO          741    .text               mc_w.l(init.o)
    0x0800017c   0x00000002   Code   RO          457    i.BusFault_Handler  stm32f10x_it.o
    0x0800017e   0x00000002   Code   RO          458    i.DebugMon_Handler  stm32f10x_it.o
    0x08000180   0x0000001c   Code   RO          459    i.EXTI0_IRQHandler  stm32f10x_it.o
    0x0800019c   0x00000048   Code   RO          460    i.EXTI1_IRQHandler  stm32f10x_it.o
    0x080001e4   0x0000000c   Code   RO           72    i.EXTI_ClearITPendingBit  stm32f10x_exti.o
    0x080001f0   0x00000020   Code   RO           76    i.EXTI_GetITStatus  stm32f10x_exti.o
    0x08000210   0x00000070   Code   RO           77    i.EXTI_Init         stm32f10x_exti.o
    0x08000280   0x00000028   Code   RO          134    i.GPIO_EXTILineConfig  stm32f10x_gpio.o
    0x080002a8   0x000000a2   Code   RO          137    i.GPIO_Init         stm32f10x_gpio.o
    0x0800034a   0x00000002   Code   RO          461    i.HardFault_Handler  stm32f10x_it.o
    0x0800034c   0x0000000c   Code   RO          610    i.Mearuse_time      main.o
    0x08000358   0x00000002   Code   RO          462    i.MemManage_Handler  stm32f10x_it.o
    0x0800035a   0x00000002   Code   RO          463    i.NMI_Handler       stm32f10x_it.o
    0x0800035c   0x00000064   Code   RO            1    i.NVIC_Init         misc.o
    0x080003c0   0x00000002   Code   RO          464    i.PendSV_Handler    stm32f10x_it.o
    0x080003c2   0x00000002   PAD
    0x080003c4   0x00000018   Code   RO          252    i.RCC_APB2PeriphClockCmd  stm32f10x_rcc.o
    0x080003dc   0x00000040   Code   RO          662    i.STM32vldiscovery_LEDInit  stm32vldiscovery.o
    0x0800041c   0x00000018   Code   RO          664    i.STM32vldiscovery_LEDOn  stm32vldiscovery.o
    0x08000434   0x0000001c   Code   RO          665    i.STM32vldiscovery_LEDToggle  stm32vldiscovery.o
    0x08000450   0x000000a0   Code   RO          667    i.STM32vldiscovery_PBInit  stm32vldiscovery.o
    0x080004f0   0x00000002   Code   RO          465    i.SVC_Handler       stm32f10x_it.o
    0x080004f2   0x00000002   PAD
    0x080004f4   0x00000088   Code   RO          557    i.SetSysClockTo24   system_stm32f10x.o
    0x0800057c   0x0000009c   Code   RO          611    i.Sonic_TR_8PWN     main.o
    0x08000618   0x00000010   Code   RO          612    i.Sonic_dely        main.o
    0x08000628   0x00000018   Code   RO          613    i.Sonic_timeclear   main.o
    0x08000640   0x00000004   Code   RO          466    i.SysTick_Handler   stm32f10x_it.o
    0x08000644   0x00000044   Code   RO          559    i.SystemInit        system_stm32f10x.o
    0x08000688   0x00000010   Code   RO          614    i.TimingDelay       main.o
    0x08000698   0x00000002   Code   RO          467    i.UsageFault_Handler  stm32f10x_it.o
    0x0800069a   0x0000000e   Code   RO          745    i.__scatterload_copy  mc_w.l(handlers.o)
    0x080006a8   0x00000002   Code   RO          746    i.__scatterload_null  mc_w.l(handlers.o)
    0x080006aa   0x0000000e   Code   RO          747    i.__scatterload_zeroinit  mc_w.l(handlers.o)
    0x080006b8   0x00000104   Code   RO          615    i.main              main.o
    0x080007bc   0x00000030   Data   RO          668    .constdata          stm32vldiscovery.o
    0x080007ec   0x00000020   Data   RO          743    Region$$Table       anon$$obj.o


    Execution Region RW_IRAM1 (Base: 0x20000000, Size: 0x00000438, Max: 0x00002000, ABSOLUTE)

    Base Addr    Size         Type   Attr      Idx    E Section Name        Object

    0x20000000   0x00000014   Data   RW          560    .data               system_stm32f10x.o
    0x20000014   0x00000010   Data   RW          616    .data               main.o
    0x20000024   0x00000010   Data   RW          669    .data               stm32vldiscovery.o
    0x20000034   0x00000004   PAD
    0x20000038   0x00000400   Zero   RW          603    STACK               startup_stm32f10x_md_vl.o


==============================================================================

Image component sizes


      Code (inc. data)   RO Data    RW Data    ZI Data      Debug   Object Name

         0          0          0          0          0         32   core_cm3.o
       484         68          0         16          0      18951   main.o
       100          6          0          0          0     210736   misc.o
        36          8        288          0       1024        948   startup_stm32f10x_md_vl.o
       156         14          0          0          0       4808   stm32f10x_exti.o
       202          6          0          0          0      10954   stm32f10x_gpio.o
       120          6          0          0          0     216428   stm32f10x_it.o
        24          6          0          0          0        625   stm32f10x_rcc.o
       276         36         48         16          0     212688   stm32vldiscovery.o
       204         18          0         20          0       2325   system_stm32f10x.o

    ----------------------------------------------------------------------
      1606        168        368         52       1028     678495   Object Totals
         0          0         32          0          0          0   (incl. Generated)
         4          0          0          0          4          0   (incl. Padding)

    ----------------------------------------------------------------------

      Code (inc. data)   RO Data    RW Data    ZI Data      Debug   Library Member Name

         0          0          0          0          0          0   entry.o
         0          0          0          0          0          0   entry10a.o
         0          0          0          0          0          0   entry11a.o
         8          4          0          0          0          0   entry2.o
         4          0          0          0          0          0   entry5.o
         0          0          0          0          0          0   entry7b.o
         0          0          0          0          0          0   entry8b.o
         8          4          0          0          0          0   entry9a.o
        30          0          0          0          0          0   handlers.o
        36          8          0          0          0         68   init.o

    ----------------------------------------------------------------------
        86         16          0          0          0         68   Library Totals
         0          0          0          0          0          0   (incl. Padding)

    ----------------------------------------------------------------------

      Code (inc. data)   RO Data    RW Data    ZI Data      Debug   Library Name

        86         16          0          0          0         68   mc_w.l

    ----------------------------------------------------------------------
        86         16          0          0          0         68   Library Totals

    ----------------------------------------------------------------------

==============================================================================


      Code (inc. data)   RO Data    RW Data    ZI Data      Debug   

      1692        184        368         52       1028     677519   Grand Totals
      1692        184        368         52       1028     677519   ELF Image Totals
      1692        184        368         52          0          0   ROM Totals

==============================================================================

    Total RO  Size (Code + RO Data)                 2060 (   2.01kB)
    Total RW  Size (RW Data + ZI Data)              1080 (   1.05kB)
    Total ROM Size (Code + RO Data + RW Data)       2112 (   2.06kB)

==============================================================================

